.......F....F...............